<testsuites id="" name="" tests="6" failures="0" skipped="0" errors="0" time="16.281155000000002">
<testsuite name="header-layout.spec.ts" timestamp="2026-08-09T01:54:15.822Z" hostname="chromium" tests="6" failures="0" skipped="0" time="26.998" errors="0">
<testcase name="Header layout regression › home header does not overlap at 1024x900" classname="header-layout.spec.ts" time="4.134">
</testcase>
<testcase name="Header layout regression › home header does not overlap at 1200x900" classname="header-layout.spec.ts" time="6.306">
</testcase>
<testcase name="Header layout regression › home header does not overlap at 1280x900" classname="header-layout.spec.ts" time="5.004">
</testcase>
<testcase name="Header layout regression › home header does not overlap at 1366x900" classname="header-layout.spec.ts" time="2.14">
</testcase>
<testcase name="Header layout regression › home header does not overlap at 1440x900" classname="header-layout.spec.ts" time="4.754">
</testcase>
<testcase name="Header layout regression › tools page intro stays below fixed header" classname="header-layout.spec.ts" time="4.66">
</testcase>
</testsuite>
</testsuites>